nohup: ignoring input
INFO:aiogram.dispatcher:Start polling
INFO:telethon.network.mtprotosender:Connecting to 149.154.175.54:443/TcpFull...
INFO:telethon.network.mtprotosender:Connecting to 149.154.175.60:443/TcpFull...
INFO:telethon.network.mtprotosender:Connecting to 149.154.175.60:443/TcpFull...
INFO:telethon.network.mtprotosender:Connecting to 91.108.56.129:443/TcpFull...
INFO:telethon.network.mtprotosender:Connecting to 91.108.56.129:443/TcpFull...
INFO:telethon.network.mtprotosender:Connecting to 149.154.175.60:443/TcpFull...
INFO:telethon.network.mtprotosender:Connecting to 91.108.56.157:443/TcpFull...
INFO:telethon.network.mtprotosender:Connecting to 91.108.56.129:443/TcpFull...
INFO:telethon.network.mtprotosender:Connecting to 149.154.175.54:443/TcpFull...
INFO:telethon.network.mtprotosender:Connecting to 149.154.175.54:443/TcpFull...
INFO:telethon.network.mtprotosender:Connecting to 149.154.175.60:443/TcpFull...
INFO:telethon.network.mtprotosender:Connection to 149.154.175.54:443/TcpFull complete!
INFO:telethon.network.mtprotosender:Connection to 149.154.175.60:443/TcpFull complete!
INFO:telethon.network.mtprotosender:Connection to 149.154.175.60:443/TcpFull complete!
INFO:telethon.network.mtprotosender:Connection to 149.154.175.60:443/TcpFull complete!
INFO:telethon.network.mtprotosender:Connection to 149.154.175.60:443/TcpFull complete!
INFO:telethon.network.mtprotosender:Connection to 149.154.175.54:443/TcpFull complete!
INFO:telethon.network.mtprotosender:Connection to 149.154.175.54:443/TcpFull complete!
INFO:telethon.network.mtprotosender:Connection to 91.108.56.129:443/TcpFull complete!
INFO:telethon.network.mtprotosender:Connection to 91.108.56.129:443/TcpFull complete!
INFO:telethon.network.mtprotosender:Connection to 91.108.56.157:443/TcpFull complete!
INFO:telethon.network.mtprotosender:Connection to 91.108.56.129:443/TcpFull complete!
INFO:aiogram.dispatcher:Run polling for bot @AutoAdlyBot id=8814610046 - 'Auto Adly'
INFO:telethon.network.mtprotosender:Connecting to 149.154.175.60:443/TcpFull...
INFO:telethon.network.mtprotosender:Connection to 149.154.175.60:443/TcpFull complete!
ERROR:asyncio:Task was destroyed but it is pending!
task: <Task pending name='Task-206' coro=<_run_testing() running at /home/mishradatastore1/bot_project_clean/low_quality_stagger.py:143> wait_for=<Future pending cb=[Task.task_wakeup()]>>
ERROR:asyncio:Task was destroyed but it is pending!
task: <Task pending name='Task-309' coro=<Connection._send_loop() running at /home/mishradatastore1/bot_project_clean/.venv/lib/python3.13/site-packages/telethon/network/connection/connection.py:322> wait_for=<Future pending cb=[Task.task_wakeup()]>>
ERROR:asyncio:Task was destroyed but it is pending!
task: <Task pending name='Task-310' coro=<Connection._recv_loop() running at /home/mishradatastore1/bot_project_clean/.venv/lib/python3.13/site-packages/telethon/network/connection/connection.py:341> wait_for=<Future pending cb=[Task.task_wakeup()]>>
ERROR:asyncio:Task was destroyed but it is pending!
task: <Task pending name='Task-311' coro=<MTProtoSender._send_loop() running at /home/mishradatastore1/bot_project_clean/.venv/lib/python3.13/site-packages/telethon/network/mtprotosender.py:470> wait_for=<Future pending cb=[Task.task_wakeup()]>>
ERROR:asyncio:Task was destroyed but it is pending!
task: <Task pending name='Task-312' coro=<MTProtoSender._recv_loop() running at /home/mishradatastore1/bot_project_clean/.venv/lib/python3.13/site-packages/telethon/network/mtprotosender.py:513> wait_for=<Future pending cb=[Task.task_wakeup()]>>
Exception ignored in: <coroutine object Connection._recv_loop at 0x7fdb3e98aea0>
Traceback (most recent call last):
  File "/home/mishradatastore1/bot_project_clean/.venv/lib/python3.13/site-packages/telethon/tl/types/__init__.py", line 17535, in __init__
    def __init__(self, user_id: int, access_hash: int):
RuntimeError: coroutine ignored GeneratorExit
INFO:telethon.network.mtprotosender:Connecting to 91.108.56.129:443/TcpFull...
INFO:telethon.network.mtprotosender:Connection to 91.108.56.129:443/TcpFull complete!
INFO:telethon.client.updates:Got difference for channel 2148536458 updates
INFO:telethon.client.updates:Got difference for channel 2148536458 updates
INFO:telethon.client.updates:Got difference for channel 2148536458 updates
INFO:telethon.client.updates:Got difference for channel 2060897480 updates
INFO:telethon.client.updates:Got difference for channel 2060897480 updates
ERROR:asyncio:Task exception was never retrieved
future: <Task finished name='Task-130' coro=<_run_testing() done, defined at /home/mishradatastore1/bot_project_clean/low_quality_stagger.py:113> exception=AttributeError("'sqlite3.Row' object has no attribute 'get'")>
Traceback (most recent call last):
  File "/home/mishradatastore1/bot_project_clean/low_quality_stagger.py", line 154, in _run_testing
    logger.info(f"low_quality_stagger: test-posted to {marketplace.get('chat_username')} (slot interval={interval}s)")
                                                       ^^^^^^^^^^^^^^^
AttributeError: 'sqlite3.Row' object has no attribute 'get'
ERROR:asyncio:Task exception was never retrieved
future: <Task finished name='Task-45' coro=<_run_testing() done, defined at /home/mishradatastore1/bot_project_clean/low_quality_stagger.py:113> exception=AttributeError("'sqlite3.Row' object has no attribute 'get'")>
Traceback (most recent call last):
  File "/home/mishradatastore1/bot_project_clean/low_quality_stagger.py", line 154, in _run_testing
    logger.info(f"low_quality_stagger: test-posted to {marketplace.get('chat_username')} (slot interval={interval}s)")
                                                       ^^^^^^^^^^^^^^^
AttributeError: 'sqlite3.Row' object has no attribute 'get'
INFO:telethon.client.updates:Got difference for channel 2060897480 updates
INFO:telethon.client.updates:Got difference for channel 2060897480 updates
INFO:telethon.client.updates:Got difference for channel 2060897480 updates
INFO:telethon.client.updates:Got difference for channel 2060897480 updates
INFO:ad_engine:Skipped marketplace 47: You can't send gifs in this chat (caused by ForwardMessagesRequest)
INFO:telethon.client.updates:Got difference for channel 2442347480 updates
INFO:ad_engine:Skipped marketplace 47: Could not find the input entity for PeerChannel(channel_id=4474803280) (PeerChannel). Please read https://docs.telethon.dev/en/stable/concepts/entities.html to find out more details.
INFO:telethon.client.updates:Got difference for channel 2060897480 updates
INFO:telethon.client.updates:Got difference for channel 1815261713 updates
INFO:telethon.client.updates:Got difference for channel 1815261713 updates
INFO:telethon.client.updates:Got difference for channel 1815261713 updates
ERROR:aiogram.dispatcher:Failed to fetch updates - TelegramConflictError: Telegram server says - Conflict: terminated by other getUpdates request; make sure that only one bot instance is running
WARNING:aiogram.dispatcher:Sleep for 1.000000 seconds and try again... (tryings = 0, bot id = 8814610046)
INFO:telethon.client.updates:Got difference for channel 2442347480 updates
INFO:telethon.client.updates:Got difference for channel 2442347480 updates
ERROR:asyncio:Task exception was never retrieved
future: <Task finished name='Task-168' coro=<_run_testing() done, defined at /home/mishradatastore1/bot_project_clean/low_quality_stagger.py:113> exception=AttributeError("'sqlite3.Row' object has no attribute 'get'")>
Traceback (most recent call last):
  File "/home/mishradatastore1/bot_project_clean/low_quality_stagger.py", line 154, in _run_testing
    logger.info(f"low_quality_stagger: test-posted to {marketplace.get('chat_username')} (slot interval={interval}s)")
                                                       ^^^^^^^^^^^^^^^
AttributeError: 'sqlite3.Row' object has no attribute 'get'
INFO:telethon.client.updates:Got difference for channel 2060897480 updates
INFO:telethon.client.updates:Got difference for channel 2060897480 updates
INFO:telethon.client.updates:Got difference for channel 1815261713 updates
INFO:telethon.client.updates:Got difference for channel 2442347480 updates
INFO:telethon.client.updates:Got difference for channel 2060897480 updates
INFO:telethon.client.updates:Got difference for channel 2060897480 updates
ERROR:asyncio:Task exception was never retrieved
future: <Task finished name='Task-244' coro=<_run_testing() done, defined at /home/mishradatastore1/bot_project_clean/low_quality_stagger.py:113> exception=AttributeError("'sqlite3.Row' object has no attribute 'get'")>
Traceback (most recent call last):
  File "/home/mishradatastore1/bot_project_clean/low_quality_stagger.py", line 154, in _run_testing
    logger.info(f"low_quality_stagger: test-posted to {marketplace.get('chat_username')} (slot interval={interval}s)")
                                                       ^^^^^^^^^^^^^^^
AttributeError: 'sqlite3.Row' object has no attribute 'get'
INFO:telethon.client.updates:Got difference for channel 2060897480 updates
INFO:telethon.client.updates:Got difference for channel 1852019563 updates
ERROR:asyncio:Task exception was never retrieved
future: <Task finished name='Task-26' coro=<_run_testing() done, defined at /home/mishradatastore1/bot_project_clean/low_quality_stagger.py:113> exception=AttributeError("'sqlite3.Row' object has no attribute 'get'")>
Traceback (most recent call last):
  File "/home/mishradatastore1/bot_project_clean/low_quality_stagger.py", line 154, in _run_testing
    logger.info(f"low_quality_stagger: test-posted to {marketplace.get('chat_username')} (slot interval={interval}s)")
                                                       ^^^^^^^^^^^^^^^
AttributeError: 'sqlite3.Row' object has no attribute 'get'
INFO:telethon.client.updates:Got difference for channel 1815261713 updates
INFO:telethon.client.updates:Got difference for channel 2191594970 updates
INFO:telethon.client.updates:Got difference for channel 1624196878 updates
ERROR:aiogram.dispatcher:Failed to fetch updates - TelegramConflictError: Telegram server says - Conflict: terminated by other getUpdates request; make sure that only one bot instance is running
WARNING:aiogram.dispatcher:Sleep for 1.288062 seconds and try again... (tryings = 1, bot id = 8814610046)
INFO:telethon.client.updates:Got difference for channel 2191594970 updates
INFO:telethon.client.updates:Got difference for channel 2191594970 updates
INFO:telethon.client.updates:Got difference for channel 2191594970 updates
ERROR:asyncio:Task exception was never retrieved
future: <Task finished name='Task-111' coro=<_run_testing() done, defined at /home/mishradatastore1/bot_project_clean/low_quality_stagger.py:113> exception=AttributeError("'sqlite3.Row' object has no attribute 'get'")>
Traceback (most recent call last):
  File "/home/mishradatastore1/bot_project_clean/low_quality_stagger.py", line 154, in _run_testing
    logger.info(f"low_quality_stagger: test-posted to {marketplace.get('chat_username')} (slot interval={interval}s)")
                                                       ^^^^^^^^^^^^^^^
AttributeError: 'sqlite3.Row' object has no attribute 'get'
INFO:telethon.client.users:Sleeping for 45s (0:00:45) on ForwardMessagesRequest flood wait
INFO:telethon.client.updates:Got difference for channel 2191594970 updates
INFO:telethon.client.updates:Got difference for channel 2191594970 updates
INFO:telethon.client.updates:Got difference for channel 2191594970 updates
INFO:telethon.client.updates:Got difference for channel 2191594970 updates
INFO:telethon.client.updates:Got difference for channel 2066254327 updates
ERROR:aiogram.dispatcher:Failed to fetch updates - TelegramConflictError: Telegram server says - Conflict: terminated by other getUpdates request; make sure that only one bot instance is running
WARNING:aiogram.dispatcher:Sleep for 1.628052 seconds and try again... (tryings = 2, bot id = 8814610046)
ERROR:asyncio:Task exception was never retrieved
future: <Task finished name='Task-64' coro=<_run_testing() done, defined at /home/mishradatastore1/bot_project_clean/low_quality_stagger.py:113> exception=AttributeError("'sqlite3.Row' object has no attribute 'get'")>
Traceback (most recent call last):
  File "/home/mishradatastore1/bot_project_clean/low_quality_stagger.py", line 154, in _run_testing
    logger.info(f"low_quality_stagger: test-posted to {marketplace.get('chat_username')} (slot interval={interval}s)")
                                                       ^^^^^^^^^^^^^^^
AttributeError: 'sqlite3.Row' object has no attribute 'get'
INFO:telethon.client.updates:Got difference for channel 2060897480 updates
INFO:telethon.client.updates:Got difference for channel 2060897480 updates
INFO:telethon.client.updates:Got difference for channel 2191594970 updates
INFO:telethon.client.updates:Got difference for channel 2403320794 updates
INFO:ad_engine:Posted to GooMarketplace
INFO:telethon.client.updates:Got difference for channel 1852019563 updates
INFO:telethon.client.updates:Got difference for channel 1815261713 updates
INFO:telethon.client.updates:Got difference for channel 1923324680 updates
ERROR:aiogram.dispatcher:Failed to fetch updates - TelegramConflictError: Telegram server says - Conflict: terminated by other getUpdates request; make sure that only one bot instance is running
WARNING:aiogram.dispatcher:Sleep for 2.141912 seconds and try again... (tryings = 3, bot id = 8814610046)
INFO:telethon.client.updates:Got difference for channel 2191594970 updates
INFO:telethon.client.updates:Got difference for channel 2403320794 updates
INFO:telethon.client.updates:Got difference for channel 2091565855 updates
INFO:telethon.client.updates:Got difference for channel 1815261713 updates
INFO:telethon.client.updates:Got difference for channel 1676369027 updates
INFO:telethon.client.updates:Got difference for channel 1741213429 updates
INFO:telethon.client.updates:Got difference for channel 1852019563 updates
INFO:telethon.client.updates:Got difference for channel 2148536458 updates
INFO:telethon.client.updates:Got difference for channel 2442347480 updates
INFO:telethon.client.updates:Got difference for channel 2060897480 updates
INFO:telethon.client.updates:Got difference for channel 2060897480 updates
INFO:telethon.client.updates:Got difference for channel 2096795818 updates
INFO:telethon.client.updates:Got difference for channel 1624196878 updates
INFO:telethon.client.updates:Got difference for channel 2442347480 updates
INFO:telethon.client.updates:Got difference for channel 2442347480 updates
ERROR:aiogram.dispatcher:Failed to fetch updates - TelegramConflictError: Telegram server says - Conflict: terminated by other getUpdates request; make sure that only one bot instance is running
WARNING:aiogram.dispatcher:Sleep for 2.766276 seconds and try again... (tryings = 4, bot id = 8814610046)
INFO:telethon.client.users:Sleeping early for 29s (0:00:29) on ForwardMessagesRequest flood wait
INFO:telethon.client.updates:Got difference for channel 2035477675 updates
INFO:telethon.client.updates:Got difference for channel 2399624593 updates
INFO:telethon.client.updates:Got difference for channel 2403320794 updates
INFO:telethon.client.updates:Got difference for channel 2191594970 updates
INFO:telethon.client.updates:Got difference for channel 2060897480 updates
ERROR:asyncio:Task exception was never retrieved
future: <Task finished name='Task-2183' coro=<_run_testing() done, defined at /home/mishradatastore1/bot_project_clean/low_quality_stagger.py:113> exception=AttributeError("'sqlite3.Row' object has no attribute 'get'")>
Traceback (most recent call last):
  File "/home/mishradatastore1/bot_project_clean/low_quality_stagger.py", line 154, in _run_testing
    logger.info(f"low_quality_stagger: test-posted to {marketplace.get('chat_username')} (slot interval={interval}s)")
                                                       ^^^^^^^^^^^^^^^
AttributeError: 'sqlite3.Row' object has no attribute 'get'
INFO:telethon.client.updates:Got difference for channel 2442347480 updates
INFO:telethon.client.updates:Got difference for channel 2528685086 updates
INFO:telethon.client.updates:Got difference for channel 2191594970 updates
INFO:telethon.client.updates:Got difference for channel 2399624593 updates
INFO:telethon.client.updates:Got difference for channel 2399624593 updates
INFO:telethon.client.updates:Got difference for channel 1294454616 updates
INFO:telethon.client.updates:Got difference for channel 2442347480 updates
INFO:telethon.client.updates:Got difference for channel 2011482119 updates
INFO:telethon.client.updates:Got difference for channel 2403320794 updates
INFO:telethon.client.updates:Got difference for channel 1168540949 updates
INFO:telethon.client.updates:Got difference for channel 2528685086 updates
INFO:telethon.client.updates:Got difference for channel 2011482119 updates
INFO:telethon.client.updates:Got difference for channel 1676369027 updates
INFO:telethon.client.updates:Got difference for channel 2060897480 updates
INFO:telethon.client.updates:Got difference for channel 2191594970 updates
INFO:telethon.client.updates:Got difference for channel 2146109894 updates
INFO:telethon.client.updates:Got difference for channel 2305538353 updates
INFO:telethon.client.updates:Got difference for channel 2403320794 updates
INFO:telethon.client.updates:Got difference for channel 2011482119 updates
INFO:telethon.client.updates:Got difference for channel 1852019563 updates
INFO:telethon.client.updates:Got difference for channel 1852019563 updates
INFO:telethon.client.updates:Got difference for channel 2035477675 updates
ERROR:asyncio:Task exception was never retrieved
future: <Task finished name='Task-2184' coro=<_run_testing() done, defined at /home/mishradatastore1/bot_project_clean/low_quality_stagger.py:113> exception=AttributeError("'sqlite3.Row' object has no attribute 'get'")>
Traceback (most recent call last):
  File "/home/mishradatastore1/bot_project_clean/low_quality_stagger.py", line 154, in _run_testing
    logger.info(f"low_quality_stagger: test-posted to {marketplace.get('chat_username')} (slot interval={interval}s)")
                                                       ^^^^^^^^^^^^^^^
AttributeError: 'sqlite3.Row' object has no attribute 'get'
ERROR:aiogram.dispatcher:Failed to fetch updates - TelegramConflictError: Telegram server says - Conflict: terminated by other getUpdates request; make sure that only one bot instance is running
WARNING:aiogram.dispatcher:Sleep for 3.497890 seconds and try again... (tryings = 5, bot id = 8814610046)
INFO:telethon.client.updates:Got difference for channel 1987613424 updates
INFO:telethon.client.updates:Got difference for channel 1815261713 updates
INFO:telethon.client.updates:Got difference for channel 2399624593 updates
INFO:telethon.client.updates:Got difference for channel 2403320794 updates
INFO:telethon.client.updates:Got difference for channel 1168540949 updates
INFO:telethon.client.updates:Got difference for channel 1741213429 updates
INFO:ad_engine:Posted to GooMarketplace
INFO:telethon.client.updates:Got difference for channel 1852019563 updates
INFO:telethon.client.users:Sleeping for 20s (0:00:20) on ForwardMessagesRequest flood wait
INFO:telethon.client.updates:Got difference for channel 2442347480 updates
INFO:telethon.client.updates:Got difference for channel 2060897480 updates
INFO:telethon.client.updates:Got difference for channel 2191594970 updates
INFO:telethon.client.updates:Got difference for channel 2403320794 updates
INFO:telethon.client.updates:Got difference for channel 2305538353 updates
INFO:telethon.client.updates:Got difference for channel 2305538353 updates
INFO:telethon.client.updates:Got difference for channel 1815261713 updates
INFO:telethon.client.updates:Got difference for channel 1815261713 updates
INFO:telethon.client.updates:Got difference for channel 2305538353 updates
INFO:telethon.client.updates:Got difference for channel 2442347480 updates
INFO:telethon.client.updates:Got difference for channel 2442347480 updates
INFO:telethon.client.updates:Got difference for channel 1852019563 updates
INFO:telethon.client.updates:Got difference for channel 1852019563 updates
INFO:telethon.client.updates:Got difference for channel 2035477675 updates
INFO:telethon.client.updates:Got difference for channel 2442347480 updates
INFO:telethon.client.updates:Got difference for channel 2148536458 updates
INFO:telethon.client.updates:Got difference for channel 2060897480 updates
INFO:telethon.client.updates:Got difference for channel 2060897480 updates
INFO:telethon.client.updates:Got difference for channel 2060897480 updates
INFO:telethon.client.updates:Got difference for channel 2011482119 updates
INFO:telethon.client.users:Sleeping for 20s (0:00:20) on ForwardMessagesRequest flood wait
INFO:telethon.client.updates:Got difference for channel 2011482119 updates
INFO:telethon.client.updates:Got difference for channel 2011482119 updates
INFO:telethon.client.updates:Got difference for channel 2011482119 updates
INFO:telethon.client.updates:Got difference for channel 1815261713 updates
INFO:telethon.client.updates:Got difference for channel 1573705237 updates
INFO:telethon.client.updates:Got difference for channel 1573705237 updates
INFO:telethon.client.updates:Got difference for channel 2399624593 updates
INFO:telethon.client.updates:Got difference for channel 2399624593 updates
INFO:telethon.client.updates:Got difference for channel 2442347480 updates
INFO:telethon.client.updates:Got difference for channel 1624196878 updates
INFO:telethon.client.updates:Got difference for channel 1624196878 updates
INFO:telethon.client.updates:Got difference for channel 1584061833 updates
INFO:telethon.client.updates:Got difference for channel 1636178438 updates
INFO:telethon.client.updates:Got difference for channel 2191594970 updates
INFO:telethon.client.updates:Got difference for channel 2244131351 updates
INFO:telethon.client.updates:Got difference for channel 2096795818 updates
INFO:telethon.client.updates:Got difference for channel 2244131351 updates
INFO:telethon.client.updates:Got difference for channel 2066254327 updates
INFO:telethon.client.updates:Got difference for channel 2066254327 updates
INFO:telethon.client.users:Sleeping for 14s (0:00:14) on ForwardMessagesRequest flood wait
ERROR:aiogram.dispatcher:Failed to fetch updates - TelegramConflictError: Telegram server says - Conflict: terminated by other getUpdates request; make sure that only one bot instance is running
WARNING:aiogram.dispatcher:Sleep for 4.409042 seconds and try again... (tryings = 6, bot id = 8814610046)
INFO:telethon.client.updates:Got difference for channel 1676369027 updates
INFO:telethon.client.updates:Got difference for channel 1676369027 updates
INFO:telethon.client.users:Sleeping for 12s (0:00:12) on ForwardMessagesRequest flood wait
INFO:telethon.client.updates:Got difference for channel 2060897480 updates
INFO:telethon.client.updates:Got difference for channel 2403320794 updates
INFO:telethon.client.updates:Got difference for channel 2399624593 updates
INFO:telethon.client.updates:Got difference for channel 2191594970 updates
INFO:telethon.client.updates:Got difference for channel 2011482119 updates
INFO:telethon.client.users:Sleeping for 11s (0:00:11) on ForwardMessagesRequest flood wait
INFO:telethon.client.updates:Got difference for channel 1852019563 updates
INFO:telethon.client.updates:Got difference for channel 2091565855 updates
INFO:telethon.client.updates:Got difference for channel 2091565855 updates
INFO:telethon.client.updates:Got difference for channel 2091565855 updates
INFO:telethon.client.updates:Got difference for channel 2148536458 updates
INFO:telethon.client.updates:Got difference for channel 1676369027 updates
INFO:telethon.client.users:Sleeping for 10s (0:00:10) on ForwardMessagesRequest flood wait
INFO:telethon.client.updates:Got difference for channel 2442347480 updates
INFO:telethon.client.updates:Got difference for channel 2442347480 updates
INFO:telethon.client.updates:Got difference for channel 2060897480 updates
INFO:telethon.client.updates:Got difference for channel 1815261713 updates
INFO:telethon.client.updates:Got difference for channel 2191594970 updates
INFO:telethon.client.updates:Got difference for channel 2012468036 updates
INFO:telethon.client.updates:Got difference for channel 2011482119 updates
INFO:telethon.client.updates:Got difference for channel 2399624593 updates
INFO:telethon.client.updates:Got difference for channel 2403320794 updates
INFO:telethon.client.updates:Got difference for channel 1852019563 updates
INFO:telethon.client.updates:Got difference for channel 1815261713 updates
INFO:telethon.client.updates:Got difference for channel 1636178438 updates
INFO:telethon.client.updates:Got difference for channel 1624196878 updates
INFO:telethon.client.updates:Got difference for channel 2305538353 updates
INFO:telethon.client.updates:Got difference for channel 2066254327 updates
INFO:telethon.client.updates:Got difference for channel 1294454616 updates
INFO:telethon.client.updates:Got difference for channel 1294454616 updates
INFO:telethon.client.updates:Got difference for channel 1294454616 updates
INFO:telethon.client.updates:Got difference for channel 1513828789 updates
INFO:telethon.client.updates:Got difference for channel 1513828789 updates
INFO:telethon.client.updates:Got difference for channel 2454249021 updates
INFO:telethon.client.updates:Got difference for channel 2454249021 updates
INFO:telethon.client.updates:Got difference for channel 2454249021 updates
INFO:telethon.client.updates:Got difference for channel 2035477675 updates
ERROR:aiogram.dispatcher:Failed to fetch updates - TelegramConflictError: Telegram server says - Conflict: terminated by other getUpdates request; make sure that only one bot instance is running
WARNING:aiogram.dispatcher:Sleep for 5.064202 seconds and try again... (tryings = 7, bot id = 8814610046)
INFO:telethon.client.updates:Got difference for channel 1584061833 updates
INFO:telethon.client.updates:Got difference for channel 2442347480 updates
INFO:telethon.client.updates:Got difference for channel 1741213429 updates
INFO:telethon.client.updates:Got difference for channel 1741213429 updates
INFO:telethon.client.updates:Got difference for channel 2442347480 updates
INFO:telethon.client.updates:Got difference for channel 1573705237 updates
INFO:telethon.client.updates:Got difference for channel 2096795818 updates
INFO:telethon.client.users:Sleeping for 2s (0:00:02) on ForwardMessagesRequest flood wait
INFO:telethon.client.updates:Got difference for channel 2403320794 updates
INFO:telethon.client.users:Sleeping for 2s (0:00:02) on ForwardMessagesRequest flood wait
INFO:telethon.client.updates:Got difference for channel 2060897480 updates
INFO:telethon.client.updates:Got difference for channel 2191594970 updates
INFO:telethon.client.updates:Got difference for channel 2011482119 updates
ERROR:asyncio:Task exception was never retrieved
future: <Task finished name='Task-2182' coro=<_run_testing() done, defined at /home/mishradatastore1/bot_project_clean/low_quality_stagger.py:113> exception=AttributeError("'sqlite3.Row' object has no attribute 'get'")>
Traceback (most recent call last):
  File "/home/mishradatastore1/bot_project_clean/low_quality_stagger.py", line 154, in _run_testing
    logger.info(f"low_quality_stagger: test-posted to {marketplace.get('chat_username')} (slot interval={interval}s)")
                                                       ^^^^^^^^^^^^^^^
AttributeError: 'sqlite3.Row' object has no attribute 'get'
ERROR:asyncio:Task exception was never retrieved
future: <Task finished name='Task-187' coro=<_run_testing() done, defined at /home/mishradatastore1/bot_project_clean/low_quality_stagger.py:113> exception=AttributeError("'sqlite3.Row' object has no attribute 'get'")>
Traceback (most recent call last):
  File "/home/mishradatastore1/bot_project_clean/low_quality_stagger.py", line 154, in _run_testing
    logger.info(f"low_quality_stagger: test-posted to {marketplace.get('chat_username')} (slot interval={interval}s)")
                                                       ^^^^^^^^^^^^^^^
AttributeError: 'sqlite3.Row' object has no attribute 'get'
INFO:telethon.client.updates:Got difference for channel 2399624593 updates
INFO:telethon.client.updates:Got difference for channel 1852019563 updates
INFO:telethon.client.updates:Got difference for channel 1852019563 updates
INFO:telethon.client.updates:Got difference for channel 1852019563 updates
INFO:telethon.client.updates:Got difference for channel 1852019563 updates
ERROR:asyncio:Task exception was never retrieved
future: <Task finished name='Task-2187' coro=<_run_testing() done, defined at /home/mishradatastore1/bot_project_clean/low_quality_stagger.py:113> exception=AttributeError("'sqlite3.Row' object has no attribute 'get'")>
Traceback (most recent call last):
  File "/home/mishradatastore1/bot_project_clean/low_quality_stagger.py", line 154, in _run_testing
    logger.info(f"low_quality_stagger: test-posted to {marketplace.get('chat_username')} (slot interval={interval}s)")
                                                       ^^^^^^^^^^^^^^^
AttributeError: 'sqlite3.Row' object has no attribute 'get'
INFO:telethon.client.updates:Got difference for channel 2060897480 updates
ERROR:asyncio:Task exception was never retrieved
future: <Task finished name='Task-2185' coro=<_run_testing() done, defined at /home/mishradatastore1/bot_project_clean/low_quality_stagger.py:113> exception=AttributeError("'sqlite3.Row' object has no attribute 'get'")>
Traceback (most recent call last):
  File "/home/mishradatastore1/bot_project_clean/low_quality_stagger.py", line 154, in _run_testing
    logger.info(f"low_quality_stagger: test-posted to {marketplace.get('chat_username')} (slot interval={interval}s)")
                                                       ^^^^^^^^^^^^^^^
AttributeError: 'sqlite3.Row' object has no attribute 'get'
INFO:telethon.client.updates:Got difference for channel 1815261713 updates
INFO:telethon.client.updates:Got difference for channel 2091565855 updates
INFO:telethon.client.updates:Got difference for channel 1815261713 updates
INFO:telethon.client.updates:Got difference for channel 1815261713 updates
INFO:telethon.client.updates:Got difference for channel 1741213429 updates
INFO:telethon.client.updates:Got difference for channel 1815261713 updates
INFO:telethon.client.updates:Got difference for channel 2035477675 updates
INFO:telethon.client.updates:Got difference for channel 1584061833 updates
INFO:telethon.client.updates:Got difference for channel 1815261713 updates
INFO:telethon.client.updates:Got difference for channel 2305538353 updates
INFO:telethon.client.updates:Got difference for channel 1852019563 updates
INFO:telethon.client.updates:Got difference for channel 1294454616 updates
INFO:telethon.client.updates:Got difference for channel 1624196878 updates
INFO:telethon.client.updates:Got difference for channel 2191594970 updates
INFO:telethon.client.users:Sleeping for 58s (0:00:58) on ForwardMessagesRequest flood wait
INFO:telethon.client.updates:Got difference for channel 2091565855 updates
INFO:telethon.client.updates:Got difference for channel 1852019563 updates
ERROR:asyncio:Task exception was never retrieved
future: <Task finished name='Task-2181' coro=<_run_testing() done, defined at /home/mishradatastore1/bot_project_clean/low_quality_stagger.py:113> exception=AttributeError("'sqlite3.Row' object has no attribute 'get'")>
Traceback (most recent call last):
  File "/home/mishradatastore1/bot_project_clean/low_quality_stagger.py", line 154, in _run_testing
    logger.info(f"low_quality_stagger: test-posted to {marketplace.get('chat_username')} (slot interval={interval}s)")
                                                       ^^^^^^^^^^^^^^^
AttributeError: 'sqlite3.Row' object has no attribute 'get'
INFO:telethon.client.updates:Got difference for channel 2148536458 updates
INFO:telethon.client.updates:Got difference for channel 2148536458 updates
INFO:telethon.client.updates:Got difference for channel 2191594970 updates
INFO:telethon.client.updates:Got difference for channel 2060897480 updates
INFO:telethon.client.updates:Got difference for channel 2399624593 updates
INFO:telethon.client.updates:Got difference for channel 1815261713 updates
INFO:telethon.client.users:Sleeping for 58s (0:00:58) on ForwardMessagesRequest flood wait
INFO:telethon.client.updates:Got difference for channel 2403320794 updates
INFO:telethon.client.updates:Got difference for channel 2191594970 updates
INFO:telethon.client.updates:Got difference for channel 1815261713 updates
ERROR:asyncio:Task exception was never retrieved
future: <Task finished name='Task-2189' coro=<_run_testing() done, defined at /home/mishradatastore1/bot_project_clean/low_quality_stagger.py:113> exception=AttributeError("'sqlite3.Row' object has no attribute 'get'")>
Traceback (most recent call last):
  File "/home/mishradatastore1/bot_project_clean/low_quality_stagger.py", line 154, in _run_testing
    logger.info(f"low_quality_stagger: test-posted to {marketplace.get('chat_username')} (slot interval={interval}s)")
                                                       ^^^^^^^^^^^^^^^
AttributeError: 'sqlite3.Row' object has no attribute 'get'
INFO:telethon.client.updates:Got difference for channel 2066254327 updates
INFO:telethon.client.updates:Got difference for channel 2066254327 updates
INFO:telethon.client.updates:Got difference for channel 2011482119 updates
INFO:telethon.client.updates:Got difference for channel 1624196878 updates
INFO:telethon.client.updates:Got difference for channel 2012468036 updates
INFO:telethon.client.updates:Got difference for channel 1676369027 updates
INFO:telethon.client.updates:Got difference for channel 1815261713 updates
INFO:telethon.client.updates:Got difference for channel 2146109894 updates
INFO:telethon.client.updates:Got difference for channel 1815261713 updates
INFO:telethon.client.updates:Got difference for channel 1676369027 updates
INFO:telethon.client.updates:Got difference for channel 2060897480 updates
ERROR:aiogram.dispatcher:Failed to fetch updates - TelegramConflictError: Telegram server says - Conflict: terminated by other getUpdates request; make sure that only one bot instance is running
WARNING:aiogram.dispatcher:Sleep for 4.979596 seconds and try again... (tryings = 8, bot id = 8814610046)
INFO:telethon.client.updates:Got difference for channel 1815261713 updates
INFO:telethon.client.updates:Got difference for channel 2191594970 updates
INFO:telethon.client.updates:Got difference for channel 2146109894 updates
INFO:telethon.client.updates:Got difference for channel 1294454616 updates
INFO:telethon.client.updates:Got difference for channel 2091565855 updates
INFO:telethon.client.users:Sleeping early for 56s (0:00:56) on ForwardMessagesRequest flood wait
INFO:telethon.client.updates:Got difference for channel 2060897480 updates
INFO:telethon.client.updates:Got difference for channel 2060897480 updates
INFO:telethon.client.updates:Got difference for channel 2060897480 updates
INFO:telethon.client.updates:Got difference for channel 1676369027 updates
INFO:telethon.client.updates:Got difference for channel 1852019563 updates
INFO:telethon.client.updates:Got difference for channel 2191594970 updates
INFO:telethon.client.updates:Got difference for channel 1852019563 updates
INFO:telethon.client.updates:Got difference for channel 1741213429 updates
INFO:telethon.client.updates:Got difference for channel 1815261713 updates
INFO:telethon.client.updates:Got difference for channel 1741213429 updates
INFO:telethon.client.updates:Got difference for channel 2060897480 updates
INFO:telethon.client.updates:Got difference for channel 2442347480 updates
INFO:telethon.client.updates:Got difference for channel 1168540949 updates
INFO:telethon.client.updates:Got difference for channel 1415488864 updates
INFO:telethon.client.updates:Got difference for channel 2191594970 updates
INFO:telethon.client.updates:Got difference for channel 1852019563 updates
INFO:telethon.client.updates:Got difference for channel 1636178438 updates
INFO:telethon.client.updates:Got difference for channel 1676369027 updates
INFO:telethon.client.updates:Got difference for channel 2442347480 updates
INFO:telethon.client.updates:Got difference for channel 2442347480 updates
INFO:telethon.client.updates:Got difference for channel 2011482119 updates
INFO:telethon.client.updates:Got difference for channel 2060897480 updates
INFO:telethon.client.updates:Got difference for channel 1636178438 updates
INFO:telethon.client.updates:Got difference for channel 1923324680 updates
INFO:telethon.client.updates:Got difference for channel 2191594970 updates
INFO:telethon.client.updates:Got difference for channel 2011482119 updates
INFO:telethon.client.updates:Got difference for channel 2096795818 updates
INFO:telethon.client.updates:Got difference for channel 2096795818 updates
INFO:telethon.client.updates:Got difference for channel 1584061833 updates
INFO:telethon.client.updates:Got difference for channel 2096795818 updates
INFO:telethon.client.updates:Got difference for channel 2096795818 updates
INFO:telethon.client.updates:Got difference for channel 1923324680 updates
INFO:telethon.client.updates:Got difference for channel 2096795818 updates
INFO:telethon.client.updates:Got difference for channel 1584061833 updates
INFO:telethon.client.updates:Got difference for channel 1636178438 updates
INFO:telethon.client.updates:Got difference for channel 1636178438 updates
INFO:telethon.client.updates:Got difference for channel 1852019563 updates
INFO:telethon.client.updates:Got difference for channel 1624196878 updates
INFO:telethon.client.updates:Got difference for channel 1624196878 updates
INFO:telethon.client.updates:Got difference for channel 2399624593 updates
INFO:telethon.client.updates:Got difference for channel 2399624593 updates
INFO:telethon.client.updates:Got difference for channel 1168540949 updates
INFO:telethon.client.updates:Got difference for channel 2148536458 updates
INFO:telethon.client.updates:Got difference for channel 1939686963 updates
INFO:telethon.client.updates:Got difference for channel 2148536458 updates
INFO:telethon.client.updates:Got difference for channel 2528685086 updates
INFO:telethon.client.updates:Got difference for channel 1168540949 updates
INFO:telethon.client.updates:Got difference for channel 2091565855 updates
INFO:telethon.client.updates:Got difference for channel 2002683478 updates
INFO:telethon.client.updates:Got difference for channel 2096795818 updates
INFO:telethon.client.updates:Got difference for channel 2066254327 updates
INFO:telethon.client.updates:Got difference for channel 1939686963 updates
INFO:telethon.client.updates:Got difference for channel 1294454616 updates
INFO:telethon.client.updates:Got difference for channel 2173747260 updates
INFO:telethon.client.updates:Got difference for channel 1294454616 updates
INFO:telethon.client.updates:Got difference for channel 1294454616 updates
INFO:telethon.client.updates:Got difference for channel 1294454616 updates
INFO:telethon.client.updates:Got difference for channel 1741213429 updates
INFO:telethon.client.updates:Got difference for channel 2012468036 updates
INFO:telethon.client.updates:Got difference for channel 2173747260 updates
INFO:telethon.client.updates:Got difference for channel 2528685086 updates
INFO:telethon.client.updates:Got difference for channel 2066254327 updates
INFO:telethon.client.updates:Got difference for channel 1278148687 updates
INFO:telethon.client.updates:Got difference for channel 2002683478 updates
INFO:telethon.client.updates:Got difference for channel 2066254327 updates
INFO:telethon.client.updates:Got difference for channel 1584061833 updates
INFO:telethon.client.updates:Got difference for channel 2442347480 updates
INFO:telethon.client.updates:Got difference for channel 1584061833 updates
INFO:telethon.client.updates:Got difference for channel 1294454616 updates
INFO:telethon.client.updates:Got difference for channel 1815261713 updates
INFO:telethon.client.updates:Got difference for channel 2403320794 updates
INFO:telethon.client.updates:Got difference for channel 2399624593 updates
INFO:telethon.client.updates:Got difference for channel 1852019563 updates
INFO:telethon.client.updates:Got difference for channel 1741213429 updates
INFO:telethon.client.updates:Got difference for channel 2454249021 updates
INFO:telethon.client.updates:Got difference for channel 2454249021 updates
ERROR:asyncio:Task exception was never retrieved
future: <Task finished name='Task-4950' coro=<_run_testing() done, defined at /home/mishradatastore1/bot_project_clean/low_quality_stagger.py:113> exception=AttributeError("'sqlite3.Row' object has no attribute 'get'")>
Traceback (most recent call last):
  File "/home/mishradatastore1/bot_project_clean/low_quality_stagger.py", line 154, in _run_testing
    logger.info(f"low_quality_stagger: test-posted to {marketplace.get('chat_username')} (slot interval={interval}s)")
                                                       ^^^^^^^^^^^^^^^
AttributeError: 'sqlite3.Row' object has no attribute 'get'
INFO:telethon.client.updates:Got difference for channel 2066254327 updates
INFO:telethon.client.updates:Got difference for channel 2403320794 updates
INFO:telethon.client.updates:Got difference for channel 2305538353 updates
INFO:telethon.client.updates:Got difference for channel 2305538353 updates
INFO:telethon.client.updates:Got difference for channel 1513828789 updates
INFO:telethon.client.updates:Got difference for channel 1513828789 updates
INFO:telethon.client.updates:Got difference for channel 1513828789 updates
INFO:telethon.client.users:Sleeping early for 47s (0:00:47) on ForwardMessagesRequest flood wait
INFO:telethon.client.updates:Got difference for channel 2091565855 updates
INFO:telethon.client.updates:Got difference for channel 2091565855 updates
ERROR:aiogram.dispatcher:Failed to fetch updates - TelegramConflictError: Telegram server says - Conflict: terminated by other getUpdates request; make sure that only one bot instance is running
WARNING:aiogram.dispatcher:Sleep for 5.076620 seconds and try again... (tryings = 9, bot id = 8814610046)
INFO:telethon.client.updates:Got difference for channel 2191594970 updates
INFO:telethon.client.updates:Got difference for channel 1676369027 updates
INFO:telethon.client.updates:Got difference for channel 1676369027 updates
INFO:telethon.client.updates:Got difference for channel 2399624593 updates
INFO:telethon.client.updates:Got difference for channel 1923324680 updates
INFO:telethon.client.updates:Got difference for channel 2035477675 updates
INFO:telethon.client.users:Sleeping for 45s (0:00:45) on ForwardMessagesRequest flood wait
INFO:telethon.client.updates:Got difference for channel 2035477675 updates
INFO:telethon.client.updates:Got difference for channel 2060897480 updates
INFO:telethon.client.updates:Got difference for channel 2403320794 updates
INFO:telethon.client.updates:Got difference for channel 1852019563 updates
INFO:telethon.client.updates:Got difference for channel 2191594970 updates
INFO:telethon.client.updates:Got difference for channel 1741213429 updates
INFO:telethon.client.updates:Got difference for channel 2091565855 updates
INFO:telethon.client.updates:Got difference for channel 2305538353 updates
INFO:ad_engine:Posted to cryptoworldgemsgroup
INFO:telethon.client.updates:Got difference for channel 2148536458 updates
INFO:telethon.client.updates:Got difference for channel 1584061833 updates
INFO:telethon.client.updates:Got difference for channel 1624196878 updates
INFO:telethon.client.updates:Got difference for channel 1624196878 updates
INFO:telethon.client.updates:Got difference for channel 1624196878 updates
INFO:telethon.client.users:Sleeping for 42s (0:00:42) on ForwardMessagesRequest flood wait
INFO:telethon.client.updates:Got difference for channel 2454249021 updates
INFO:telethon.client.updates:Got difference for channel 2060897480 updates
INFO:telethon.client.updates:Got difference for channel 2399624593 updates
INFO:telethon.client.updates:Got difference for channel 2403320794 updates
INFO:telethon.client.updates:Got difference for channel 2399624593 updates
INFO:telethon.client.updates:Got difference for channel 2454249021 updates
INFO:telethon.client.updates:Got difference for channel 2191594970 updates
INFO:telethon.client.updates:Got difference for channel 2403320794 updates
INFO:telethon.client.updates:Got difference for channel 1852019563 updates
INFO:telethon.client.updates:Got difference for channel 1624196878 updates
INFO:telethon.client.updates:Got difference for channel 1815261713 updates
INFO:telethon.client.updates:Got difference for channel 1815261713 updates
INFO:telethon.client.updates:Got difference for channel 2148536458 updates
INFO:telethon.client.updates:Got difference for channel 2066254327 updates
INFO:telethon.client.updates:Got difference for channel 2066254327 updates
INFO:telethon.client.updates:Got difference for channel 1584061833 updates
INFO:telethon.client.updates:Got difference for channel 1513828789 updates
INFO:telethon.client.users:Sleeping for 39s (0:00:39) on ForwardMessagesRequest flood wait
INFO:telethon.client.updates:Got difference for channel 1294454616 updates
ERROR:asyncio:Task exception was never retrieved
future: <Task finished name='Task-4951' coro=<_run_testing() done, defined at /home/mishradatastore1/bot_project_clean/low_quality_stagger.py:113> exception=AttributeError("'sqlite3.Row' object has no attribute 'get'")>
Traceback (most recent call last):
  File "/home/mishradatastore1/bot_project_clean/low_quality_stagger.py", line 154, in _run_testing
    logger.info(f"low_quality_stagger: test-posted to {marketplace.get('chat_username')} (slot interval={interval}s)")
                                                       ^^^^^^^^^^^^^^^
AttributeError: 'sqlite3.Row' object has no attribute 'get'
INFO:telethon.client.updates:Got difference for channel 1584061833 updates
INFO:telethon.client.updates:Got difference for channel 2060897480 updates
INFO:telethon.client.updates:Got difference for channel 1584061833 updates
INFO:telethon.client.updates:Got difference for channel 2403320794 updates
INFO:telethon.client.updates:Got difference for channel 1168540949 updates
INFO:telethon.client.updates:Got difference for channel 1815261713 updates
INFO:telethon.client.updates:Got difference for channel 1624196878 updates
INFO:telethon.client.updates:Got difference for channel 2528685086 updates
INFO:telethon.client.updates:Got difference for channel 1939686963 updates
INFO:telethon.client.updates:Got difference for channel 1676369027 updates
INFO:telethon.client.updates:Got difference for channel 2442347480 updates
INFO:telethon.client.updates:Got difference for channel 2442347480 updates
INFO:telethon.client.updates:Got difference for channel 2442347480 updates
INFO:telethon.client.updates:Got difference for channel 2403320794 updates
INFO:telethon.client.updates:Got difference for channel 1676369027 updates
INFO:telethon.client.updates:Got difference for channel 2060897480 updates
INFO:ad_engine:Posted to pinkvibescommunity
INFO:telethon.client.updates:Got difference for channel 2454249021 updates
INFO:telethon.client.updates:Got difference for channel 2191594970 updates
INFO:telethon.client.updates:Got difference for channel 1676369027 updates
INFO:telethon.client.updates:Got difference for channel 2305538353 updates
INFO:telethon.client.updates:Got difference for channel 2465535730 updates
INFO:telethon.client.updates:Got difference for channel 2465535730 updates
INFO:telethon.client.updates:Got difference for channel 1584061833 updates
INFO:telethon.client.updates:Got difference for channel 2465535730 updates
INFO:telethon.client.updates:Got difference for channel 1852019563 updates
INFO:telethon.client.updates:Got difference for channel 2465535730 updates
INFO:telethon.client.updates:Got difference for channel 2060897480 updates
INFO:telethon.client.updates:Got difference for channel 2060897480 updates
INFO:telethon.client.updates:Got difference for channel 2060897480 updates
INFO:telethon.client.updates:Got difference for channel 2060897480 updates
INFO:telethon.client.updates:Got difference for channel 2060897480 updates
INFO:telethon.client.updates:Got difference for channel 1741213429 updates
INFO:telethon.client.updates:Got difference for channel 1852019563 updates
INFO:telethon.client.updates:Got difference for channel 1815261713 updates
ERROR:aiogram.dispatcher:Failed to fetch updates - TelegramConflictError: Telegram server says - Conflict: terminated by other getUpdates request; make sure that only one bot instance is running
WARNING:aiogram.dispatcher:Sleep for 4.989362 seconds and try again... (tryings = 10, bot id = 8814610046)
INFO:ad_engine:Posted to zazazamkx
INFO:telethon.client.updates:Got difference for channel 1976519716 updates
INFO:telethon.client.updates:Got difference for channel 1815261713 updates
INFO:telethon.client.updates:Got difference for channel 2146109894 updates
INFO:telethon.client.updates:Got difference for channel 2191594970 updates
INFO:telethon.client.updates:Got difference for channel 1294454616 updates
INFO:telethon.client.updates:Got difference for channel 1741213429 updates
INFO:telethon.client.updates:Got difference for channel 1939686963 updates
INFO:telethon.client.updates:Got difference for channel 1168540949 updates
INFO:telethon.client.updates:Got difference for channel 1852019563 updates
INFO:telethon.client.updates:Got difference for channel 2403320794 updates
INFO:telethon.client.updates:Got difference for channel 2060897480 updates
INFO:telethon.client.updates:Got difference for channel 2442347480 updates
INFO:telethon.client.updates:Got difference for channel 2528685086 updates
INFO:telethon.client.updates:Got difference for channel 2191594970 updates
INFO:telethon.client.updates:Got difference for channel 1976519716 updates
INFO:telethon.client.updates:Got difference for channel 2146109894 updates
INFO:telethon.client.updates:Got difference for channel 2442347480 updates
INFO:telethon.client.updates:Got difference for channel 2442347480 updates
INFO:telethon.client.updates:Got difference for channel 2011482119 updates
INFO:ad_engine:Skipped marketplace 59: Could not find the input entity for PeerChannel(channel_id=4474803280) (PeerChannel). Please read https://docs.telethon.dev/en/stable/concepts/entities.html to find out more details.
INFO:telethon.client.updates:Got difference for channel 2399624593 updates
INFO:telethon.client.updates:Got difference for channel 2096795818 updates
INFO:telethon.client.updates:Got difference for channel 2442347480 updates
INFO:telethon.client.updates:Got difference for channel 2148536458 updates
INFO:telethon.client.updates:Got difference for channel 2244131351 updates
INFO:telethon.client.updates:Got difference for channel 2244131351 updates
INFO:telethon.client.updates:Got difference for channel 1676369027 updates
INFO:telethon.client.updates:Got difference for channel 2403320794 updates
INFO:telethon.client.updates:Got difference for channel 2442347480 updates
INFO:telethon.client.updates:Got difference for channel 2403320794 updates
INFO:telethon.client.updates:Got difference for channel 2403320794 updates
INFO:telethon.client.updates:Got difference for channel 2060897480 updates
INFO:telethon.client.updates:Got difference for channel 2091565855 updates
INFO:telethon.client.updates:Got difference for channel 2060897480 updates
INFO:telethon.client.updates:Got difference for channel 2060897480 updates
ERROR:asyncio:Task exception was never retrieved
future: <Task finished name='Task-8822' coro=<_run_testing() done, defined at /home/mishradatastore1/bot_project_clean/low_quality_stagger.py:113> exception=AttributeError("'sqlite3.Row' object has no attribute 'get'")>
Traceback (most recent call last):
  File "/home/mishradatastore1/bot_project_clean/low_quality_stagger.py", line 154, in _run_testing
    logger.info(f"low_quality_stagger: test-posted to {marketplace.get('chat_username')} (slot interval={interval}s)")
                                                       ^^^^^^^^^^^^^^^
AttributeError: 'sqlite3.Row' object has no attribute 'get'
INFO:telethon.client.updates:Got difference for channel 2399624593 updates
INFO:telethon.client.updates:Got difference for channel 1676369027 updates
INFO:telethon.client.updates:Got difference for channel 2399624593 updates
INFO:ad_engine:Skipped marketplace 70: A wait of 3584 seconds is required before sending another message in this chat (caused by ForwardMessagesRequest)
INFO:telethon.client.updates:Got difference for channel 2399624593 updates
ERROR:aiogram.dispatcher:Failed to fetch updates - TelegramConflictError: Telegram server says - Conflict: terminated by other getUpdates request; make sure that only one bot instance is running
WARNING:aiogram.dispatcher:Sleep for 4.907850 seconds and try again... (tryings = 11, bot id = 8814610046)
INFO:telethon.client.updates:Got difference for channel 2060897480 updates
INFO:telethon.client.updates:Got difference for channel 2060897480 updates
INFO:telethon.client.updates:Got difference for channel 2442347480 updates
INFO:telethon.client.updates:Got difference for channel 2442347480 updates
INFO:telethon.client.users:Sleeping for 24s (0:00:24) on ForwardMessagesRequest flood wait
INFO:telethon.client.updates:Got difference for channel 2066254327 updates
INFO:telethon.client.updates:Got difference for channel 2035477675 updates
INFO:telethon.client.updates:Got difference for channel 1676369027 updates
INFO:telethon.client.updates:Got difference for channel 1676369027 updates
INFO:telethon.client.updates:Got difference for channel 2399624593 updates
INFO:telethon.client.updates:Got difference for channel 2399624593 updates
ERROR:asyncio:Task exception was never retrieved
future: <Task finished name='Task-8824' coro=<_run_testing() done, defined at /home/mishradatastore1/bot_project_clean/low_quality_stagger.py:113> exception=AttributeError("'sqlite3.Row' object has no attribute 'get'")>
Traceback (most recent call last):
  File "/home/mishradatastore1/bot_project_clean/low_quality_stagger.py", line 154, in _run_testing
    logger.info(f"low_quality_stagger: test-posted to {marketplace.get('chat_username')} (slot interval={interval}s)")
                                                       ^^^^^^^^^^^^^^^
AttributeError: 'sqlite3.Row' object has no attribute 'get'
INFO:telethon.client.updates:Got difference for channel 1815261713 updates
INFO:telethon.client.updates:Got difference for channel 2060897480 updates
INFO:telethon.client.updates:Got difference for channel 2060897480 updates
INFO:telethon.client.updates:Got difference for channel 1887600850 updates
INFO:telethon.client.updates:Got difference for channel 1887600850 updates
INFO:telethon.client.updates:Got difference for channel 1887600850 updates
INFO:telethon.client.updates:Got difference for channel 1887600850 updates
INFO:telethon.client.updates:Got difference for channel 1887600850 updates
ERROR:aiogram.dispatcher:Failed to fetch updates - TelegramConflictError: Telegram server says - Conflict: terminated by other getUpdates request; make sure that only one bot instance is running
WARNING:aiogram.dispatcher:Sleep for 4.809165 seconds and try again... (tryings = 12, bot id = 8814610046)
INFO:telethon.client.updates:Got difference for channel 1676369027 updates
INFO:telethon.client.updates:Got difference for channel 2442347480 updates
INFO:telethon.client.updates:Got difference for channel 2442347480 updates
INFO:telethon.client.updates:Got difference for channel 1513828789 updates
INFO:telethon.client.updates:Got difference for channel 1573705237 updates
INFO:telethon.client.updates:Got difference for channel 1573705237 updates
INFO:telethon.client.updates:Got difference for channel 1573705237 updates
INFO:telethon.client.updates:Got difference for channel 1676369027 updates
INFO:telethon.client.updates:Got difference for channel 2399624593 updates
INFO:telethon.client.updates:Got difference for channel 1815261713 updates
INFO:telethon.client.updates:Got difference for channel 1815261713 updates
INFO:telethon.client.updates:Got difference for channel 1815261713 updates
INFO:telethon.client.updates:Got difference for channel 1815261713 updates
INFO:telethon.client.updates:Got difference for channel 2060897480 updates
INFO:telethon.client.updates:Got difference for channel 2399624593 updates
INFO:telethon.client.updates:Got difference for channel 2399624593 updates
INFO:telethon.client.updates:Got difference for channel 2399624593 updates
INFO:telethon.client.updates:Got difference for channel 2060897480 updates
INFO:telethon.client.users:Sleeping for 16s (0:00:16) on ForwardMessagesRequest flood wait
INFO:telethon.client.updates:Got difference for channel 2399624593 updates
INFO:telethon.client.updates:Got difference for channel 2060897480 updates
INFO:telethon.client.updates:Got difference for channel 1815261713 updates
INFO:telethon.client.updates:Got difference for channel 2191594970 updates
INFO:telethon.client.updates:Got difference for channel 2199697522 updates
INFO:telethon.client.updates:Got difference for channel 2060897480 updates
INFO:telethon.client.updates:Got difference for channel 2399624593 updates
INFO:telethon.client.updates:Got difference for channel 2403320794 updates
INFO:telethon.client.updates:Got difference for channel 2191594970 updates
INFO:telethon.client.updates:Got difference for channel 2442347480 updates
INFO:telethon.client.updates:Got difference for channel 1294454616 updates
INFO:telethon.client.updates:Got difference for channel 1624196878 updates
INFO:telethon.client.updates:Got difference for channel 2454249021 updates
INFO:telethon.client.updates:Got difference for channel 1852019563 updates
INFO:telethon.client.updates:Got difference for channel 1573705237 updates
INFO:telethon.client.updates:Got difference for channel 1584061833 updates
INFO:telethon.client.updates:Got difference for channel 2035477675 updates
INFO:telethon.client.updates:Got difference for channel 2191594970 updates
INFO:telethon.client.updates:Got difference for channel 1676369027 updates
ERROR:aiogram.dispatcher:Failed to fetch updates - TelegramConflictError: Telegram server says - Conflict: terminated by other getUpdates request; make sure that only one bot instance is running
WARNING:aiogram.dispatcher:Sleep for 4.928926 seconds and try again... (tryings = 13, bot id = 8814610046)
INFO:telethon.client.updates:Got difference for channel 2305538353 updates
INFO:telethon.client.updates:Got difference for channel 1815261713 updates
INFO:telethon.client.updates:Got difference for channel 1815261713 updates
INFO:telethon.client.updates:Got difference for channel 1815261713 updates
INFO:telethon.client.updates:Got difference for channel 1815261713 updates
INFO:telethon.client.updates:Got difference for channel 2148536458 updates
INFO:telethon.client.updates:Got difference for channel 1636178438 updates
INFO:telethon.client.updates:Got difference for channel 2066254327 updates
INFO:telethon.client.updates:Got difference for channel 1636178438 updates
INFO:telethon.client.updates:Got difference for channel 1741213429 updates
INFO:telethon.client.updates:Got difference for channel 2403320794 updates
INFO:telethon.client.users:Sleeping for 2s (0:00:02) on ForwardMessagesRequest flood wait
INFO:telethon.client.users:Sleeping for 2s (0:00:02) on ForwardMessagesRequest flood wait
INFO:telethon.client.updates:Got difference for channel 2323662722 updates
INFO:telethon.client.updates:Got difference for channel 2323662722 updates
INFO:telethon.client.updates:Got difference for channel 2060897480 updates
ERROR:asyncio:Task exception was never retrieved
future: <Task finished name='Task-2188' coro=<_run_testing() done, defined at /home/mishradatastore1/bot_project_clean/low_quality_stagger.py:113> exception=AttributeError("'sqlite3.Row' object has no attribute 'get'")>
Traceback (most recent call last):
  File "/home/mishradatastore1/bot_project_clean/low_quality_stagger.py", line 154, in _run_testing
    logger.info(f"low_quality_stagger: test-posted to {marketplace.get('chat_username')} (slot interval={interval}s)")
                                                       ^^^^^^^^^^^^^^^
AttributeError: 'sqlite3.Row' object has no attribute 'get'
INFO:telethon.client.users:Sleeping for 2s (0:00:02) on ForwardMessagesRequest flood wait
INFO:telethon.client.updates:Got difference for channel 2060897480 updates
INFO:ad_engine:Posted to ofmworkk
INFO:telethon.client.updates:Got difference for channel 2191594970 updates
INFO:telethon.client.updates:Got difference for channel 2403320794 updates
INFO:telethon.client.updates:Got difference for channel 2403320794 updates
ERROR:asyncio:Task exception was never retrieved
future: <Task finished name='Task-4954' coro=<_run_testing() done, defined at /home/mishradatastore1/bot_project_clean/low_quality_stagger.py:113> exception=AttributeError("'sqlite3.Row' object has no attribute 'get'")>
Traceback (most recent call last):
  File "/home/mishradatastore1/bot_project_clean/low_quality_stagger.py", line 154, in _run_testing
    logger.info(f"low_quality_stagger: test-posted to {marketplace.get('chat_username')} (slot interval={interval}s)")
                                                       ^^^^^^^^^^^^^^^
AttributeError: 'sqlite3.Row' object has no attribute 'get'
ERROR:asyncio:Task exception was never retrieved
future: <Task finished name='Task-8821' coro=<_run_testing() done, defined at /home/mishradatastore1/bot_project_clean/low_quality_stagger.py:113> exception=AttributeError("'sqlite3.Row' object has no attribute 'get'")>
Traceback (most recent call last):
  File "/home/mishradatastore1/bot_project_clean/low_quality_stagger.py", line 154, in _run_testing
    logger.info(f"low_quality_stagger: test-posted to {marketplace.get('chat_username')} (slot interval={interval}s)")
                                                       ^^^^^^^^^^^^^^^
AttributeError: 'sqlite3.Row' object has no attribute 'get'
INFO:telethon.client.updates:Got difference for channel 2399624593 updates
INFO:telethon.client.updates:Got difference for channel 2399624593 updates
INFO:ad_engine:Posted to pinkvibescommunity
INFO:telethon.client.updates:Got difference for channel 2191594970 updates
INFO:telethon.client.updates:Got difference for channel 1815261713 updates
INFO:telethon.client.updates:Got difference for channel 1815261713 updates
INFO:telethon.client.updates:Got difference for channel 1815261713 updates
INFO:telethon.client.updates:Got difference for channel 1815261713 updates
INFO:telethon.client.updates:Got difference for channel 2305538353 updates
INFO:telethon.client.updates:Got difference for channel 2305538353 updates
ERROR:aiogram.dispatcher:Failed to fetch updates - TelegramConflictError: Telegram server says - Conflict: terminated by other getUpdates request; make sure that only one bot instance is running
WARNING:aiogram.dispatcher:Sleep for 4.830931 seconds and try again... (tryings = 14, bot id = 8814610046)
INFO:telethon.client.updates:Got difference for channel 2096795818 updates
INFO:telethon.client.updates:Got difference for channel 1815261713 updates
INFO:telethon.client.updates:Got difference for channel 2305538353 updates
INFO:telethon.client.updates:Got difference for channel 1815261713 updates
INFO:telethon.client.updates:Got difference for channel 2191594970 updates
INFO:telethon.client.updates:Got difference for channel 2191594970 updates
INFO:telethon.client.users:Sleeping for 58s (0:00:58) on ForwardMessagesRequest flood wait
INFO:telethon.client.updates:Got difference for channel 2191594970 updates
ERROR:asyncio:Task exception was never retrieved
future: <Task finished name='Task-4952' coro=<_run_testing() done, defined at /home/mishradatastore1/bot_project_clean/low_quality_stagger.py:113> exception=AttributeError("'sqlite3.Row' object has no attribute 'get'")>
Traceback (most recent call last):
  File "/home/mishradatastore1/bot_project_clean/low_quality_stagger.py", line 154, in _run_testing
    logger.info(f"low_quality_stagger: test-posted to {marketplace.get('chat_username')} (slot interval={interval}s)")
                                                       ^^^^^^^^^^^^^^^
AttributeError: 'sqlite3.Row' object has no attribute 'get'
INFO:telethon.client.updates:Got difference for channel 1852019563 updates
INFO:telethon.client.updates:Got difference for channel 1852019563 updates
ERROR:asyncio:Task exception was never retrieved
future: <Task finished name='Task-4953' coro=<_run_testing() done, defined at /home/mishradatastore1/bot_project_clean/low_quality_stagger.py:113> exception=AttributeError("'sqlite3.Row' object has no attribute 'get'")>
Traceback (most recent call last):
  File "/home/mishradatastore1/bot_project_clean/low_quality_stagger.py", line 154, in _run_testing
    logger.info(f"low_quality_stagger: test-posted to {marketplace.get('chat_username')} (slot interval={interval}s)")
                                                       ^^^^^^^^^^^^^^^
AttributeError: 'sqlite3.Row' object has no attribute 'get'
INFO:telethon.client.updates:Got difference for channel 2442347480 updates
INFO:telethon.client.updates:Got difference for channel 1852019563 updates
INFO:telethon.client.updates:Got difference for channel 1815261713 updates
INFO:telethon.client.updates:Got difference for channel 1815261713 updates
INFO:telethon.client.updates:Got difference for channel 2191594970 updates
INFO:telethon.client.updates:Got difference for channel 1624196878 updates
INFO:telethon.client.updates:Got difference for channel 1815261713 updates
INFO:telethon.client.updates:Got difference for channel 1624196878 updates
INFO:telethon.client.updates:Got difference for channel 1624196878 updates
INFO:telethon.client.updates:Got difference for channel 2191594970 updates
INFO:telethon.client.updates:Got difference for channel 1294454616 updates
INFO:telethon.client.updates:Got difference for channel 2080984772 updates
INFO:telethon.client.updates:Got difference for channel 2323662722 updates
INFO:telethon.client.updates:Got difference for channel 2191594970 updates
INFO:telethon.client.updates:Got difference for channel 2060897480 updates
INFO:telethon.client.updates:Got difference for channel 2442347480 updates
INFO:telethon.client.updates:Got difference for channel 1976519716 updates
INFO:telethon.client.updates:Got difference for channel 2323662722 updates
ERROR:asyncio:Task exception was never retrieved
future: <Task finished name='Task-8823' coro=<_run_testing() done, defined at /home/mishradatastore1/bot_project_clean/low_quality_stagger.py:113> exception=AttributeError("'sqlite3.Row' object has no attribute 'get'")>
Traceback (most recent call last):
  File "/home/mishradatastore1/bot_project_clean/low_quality_stagger.py", line 154, in _run_testing
    logger.info(f"low_quality_stagger: test-posted to {marketplace.get('chat_username')} (slot interval={interval}s)")
                                                       ^^^^^^^^^^^^^^^
AttributeError: 'sqlite3.Row' object has no attribute 'get'
INFO:telethon.client.updates:Got difference for channel 2399624593 updates
INFO:telethon.client.updates:Got difference for channel 2012468036 updates
INFO:telethon.client.updates:Got difference for channel 2011482119 updates
INFO:telethon.client.updates:Got difference for channel 2191594970 updates
INFO:telethon.client.updates:Got difference for channel 2403320794 updates
INFO:telethon.client.updates:Got difference for channel 2403320794 updates
INFO:telethon.client.updates:Got difference for channel 2080984772 updates
INFO:telethon.client.updates:Got difference for channel 2403320794 updates
INFO:telethon.client.updates:Got difference for channel 1584061833 updates
INFO:telethon.client.updates:Got difference for channel 2403320794 updates
INFO:telethon.client.updates:Got difference for channel 2011482119 updates
INFO:telethon.client.updates:Got difference for channel 2148536458 updates
INFO:telethon.client.updates:Got difference for channel 2442347480 updates
INFO:telethon.client.updates:Got difference for channel 2323662722 updates
INFO:telethon.client.updates:Got difference for channel 2060897480 updates
INFO:telethon.client.updates:Got difference for channel 1624196878 updates
INFO:telethon.client.updates:Got difference for channel 2012468036 updates
INFO:telethon.client.updates:Got difference for channel 1584061833 updates
INFO:telethon.client.updates:Got difference for channel 1815261713 updates
INFO:telethon.client.updates:Got difference for channel 2146109894 updates
INFO:telethon.client.updates:Got difference for channel 2148536458 updates
INFO:telethon.client.updates:Got difference for channel 2011482119 updates
INFO:telethon.client.updates:Got difference for channel 1168540949 updates
INFO:telethon.client.updates:Got difference for channel 1852019563 updates
INFO:telethon.client.updates:Got difference for channel 1584061833 updates
INFO:telethon.client.updates:Got difference for channel 2528685086 updates
INFO:telethon.client.updates:Got difference for channel 1624196878 updates
INFO:telethon.client.updates:Got difference for channel 2148536458 updates
INFO:telethon.client.updates:Got difference for channel 1976519716 updates
INFO:telethon.client.updates:Got difference for channel 1168540949 updates
INFO:telethon.client.updates:Got difference for channel 1624196878 updates
INFO:telethon.client.updates:Got difference for channel 2305538353 updates
INFO:telethon.client.updates:Got difference for channel 2442347480 updates
INFO:telethon.client.updates:Got difference for channel 1278148687 updates
INFO:telethon.client.updates:Got difference for channel 1939686963 updates
INFO:telethon.client.updates:Got difference for channel 1294454616 updates
INFO:telethon.client.updates:Got difference for channel 1815261713 updates
INFO:telethon.client.updates:Got difference for channel 2012468036 updates
INFO:telethon.client.updates:Got difference for channel 2528685086 updates
INFO:telethon.client.updates:Got difference for channel 2060897480 updates
INFO:telethon.client.updates:Got difference for channel 1168540949 updates
INFO:telethon.client.updates:Got difference for channel 2091565855 updates
INFO:telethon.client.updates:Got difference for channel 2403320794 updates
INFO:telethon.client.updates:Got difference for channel 2442347480 updates
INFO:telethon.client.updates:Got difference for channel 2305538353 updates
INFO:telethon.client.updates:Got difference for channel 2442347480 updates
INFO:telethon.client.updates:Got difference for channel 1294454616 updates
INFO:telethon.client.updates:Got difference for channel 1815261713 updates
INFO:telethon.client.updates:Got difference for channel 2060897480 updates
INFO:telethon.client.updates:Got difference for channel 1852019563 updates
INFO:telethon.client.updates:Got difference for channel 2528685086 updates
INFO:telethon.client.updates:Got difference for channel 1939686963 updates
INFO:telethon.client.updates:Got difference for channel 2091565855 updates
INFO:telethon.client.updates:Got difference for channel 2403320794 updates
INFO:telethon.client.updates:Got difference for channel 1976519716 updates
INFO:telethon.client.updates:Got difference for channel 1815261713 updates
INFO:telethon.client.updates:Got difference for channel 1676369027 updates
INFO:telethon.client.updates:Got difference for channel 1852019563 updates
INFO:telethon.client.updates:Got difference for channel 2091565855 updates
INFO:telethon.client.updates:Got difference for channel 2035477675 updates
INFO:telethon.client.updates:Got difference for channel 1676369027 updates
INFO:telethon.client.updates:Got difference for channel 2305538353 updates
INFO:telethon.client.updates:Got difference for channel 1939686963 updates
INFO:telethon.client.updates:Got difference for channel 1294454616 updates
INFO:telethon.client.updates:Got difference for channel 1294454616 updates
INFO:telethon.client.updates:Got difference for channel 1741213429 updates
INFO:telethon.client.updates:Got difference for channel 1294454616 updates
INFO:telethon.client.updates:Got difference for channel 2066254327 updates
INFO:telethon.client.updates:Got difference for channel 1815261713 updates
INFO:telethon.client.updates:Got difference for channel 1815261713 updates
ERROR:aiogram.dispatcher:Failed to fetch updates - TelegramConflictError: Telegram server says - Conflict: terminated by other getUpdates request; make sure that only one bot instance is running
WARNING:aiogram.dispatcher:Sleep for 5.044983 seconds and try again... (tryings = 15, bot id = 8814610046)
INFO:telethon.client.updates:Got difference for channel 1676369027 updates
INFO:telethon.client.updates:Got difference for channel 1815261713 updates
INFO:telethon.client.updates:Got difference for channel 1513828789 updates
ERROR:asyncio:Task exception was never retrieved
future: <Task finished name='Task-11228' coro=<_run_testing() done, defined at /home/mishradatastore1/bot_project_clean/low_quality_stagger.py:113> exception=AttributeError("'sqlite3.Row' object has no attribute 'get'")>
Traceback (most recent call last):
  File "/home/mishradatastore1/bot_project_clean/low_quality_stagger.py", line 154, in _run_testing
    logger.info(f"low_quality_stagger: test-posted to {marketplace.get('chat_username')} (slot interval={interval}s)")
                                                       ^^^^^^^^^^^^^^^
AttributeError: 'sqlite3.Row' object has no attribute 'get'
INFO:telethon.client.updates:Got difference for channel 1676369027 updates
INFO:telethon.client.updates:Got difference for channel 1676369027 updates
INFO:telethon.client.users:Sleeping for 48s (0:00:48) on ForwardMessagesRequest flood wait
INFO:telethon.client.updates:Got difference for channel 2191594970 updates
INFO:telethon.client.updates:Got difference for channel 2191594970 updates
INFO:telethon.client.updates:Got difference for channel 2060897480 updates
INFO:telethon.client.updates:Got difference for channel 2060897480 updates
INFO:telethon.client.users:Sleeping for 47s (0:00:47) on ForwardMessagesRequest flood wait
INFO:telethon.client.updates:Got difference for channel 2191594970 updates
INFO:telethon.client.updates:Got difference for channel 2060897480 updates
INFO:telethon.client.updates:Got difference for channel 2442347480 updates
INFO:telethon.client.updates:Got difference for channel 2066254327 updates
INFO:telethon.client.updates:Got difference for channel 1815261713 updates
INFO:telethon.client.updates:Got difference for channel 1294454616 updates
INFO:telethon.client.updates:Got difference for channel 1815261713 updates
INFO:telethon.client.updates:Got difference for channel 1852019563 updates
INFO:telethon.client.updates:Got difference for channel 2060897480 updates
INFO:telethon.client.updates:Got difference for channel 2060897480 updates
INFO:telethon.client.updates:Got difference for channel 2060897480 updates
INFO:telethon.client.updates:Got difference for channel 1584061833 updates
INFO:telethon.client.updates:Got difference for channel 1624196878 updates
INFO:telethon.client.updates:Got difference for channel 2060897480 updates
INFO:telethon.client.updates:Got difference for channel 1741213429 updates
INFO:telethon.client.updates:Got difference for channel 1676369027 updates
INFO:telethon.client.updates:Got difference for channel 2305538353 updates
INFO:telethon.client.updates:Got difference for channel 1573705237 updates
INFO:telethon.client.updates:Got difference for channel 2004645433 updates
INFO:telethon.client.updates:Got difference for channel 2399624593 updates
INFO:ad_engine:Posted to ofmjoin
INFO:telethon.client.updates:Got difference for channel 2399624593 updates
INFO:telethon.client.updates:Got difference for channel 1852019563 updates
INFO:telethon.client.updates:Got difference for channel 1852019563 updates
INFO:telethon.client.updates:Got difference for channel 1852019563 updates
INFO:telethon.client.updates:Got difference for channel 2442347480 updates
ERROR:asyncio:Task exception was never retrieved
future: <Task finished name='Task-11252' coro=<_run_testing() done, defined at /home/mishradatastore1/bot_project_clean/low_quality_stagger.py:113> exception=AttributeError("'sqlite3.Row' object has no attribute 'get'")>
Traceback (most recent call last):
  File "/home/mishradatastore1/bot_project_clean/low_quality_stagger.py", line 154, in _run_testing
    logger.info(f"low_quality_stagger: test-posted to {marketplace.get('chat_username')} (slot interval={interval}s)")
                                                       ^^^^^^^^^^^^^^^
AttributeError: 'sqlite3.Row' object has no attribute 'get'
ERROR:aiogram.dispatcher:Failed to fetch updates - TelegramConflictError: Telegram server says - Conflict: terminated by other getUpdates request; make sure that only one bot instance is running
WARNING:aiogram.dispatcher:Sleep for 4.941762 seconds and try again... (tryings = 16, bot id = 8814610046)
INFO:telethon.client.updates:Got difference for channel 2403320794 updates
INFO:telethon.client.users:Sleeping for 39s (0:00:39) on ForwardMessagesRequest flood wait
INFO:telethon.client.updates:Got difference for channel 2442347480 updates
INFO:telethon.client.users:Sleeping early for 39s (0:00:39) on ForwardMessagesRequest flood wait
INFO:telethon.client.updates:Got difference for channel 2060897480 updates
INFO:telethon.client.updates:Got difference for channel 2191594970 updates
INFO:telethon.client.updates:Got difference for channel 2403320794 updates
INFO:telethon.client.updates:Got difference for channel 1513828789 updates
INFO:telethon.client.updates:Got difference for channel 1294454616 updates
INFO:telethon.client.updates:Got difference for channel 1513828789 updates
INFO:telethon.client.updates:Got difference for channel 1852019563 updates
INFO:telethon.client.updates:Got difference for channel 2442347480 updates
INFO:telethon.client.updates:Got difference for channel 2442347480 updates
INFO:telethon.client.updates:Got difference for channel 2399624593 updates
INFO:telethon.client.updates:Got difference for channel 2454249021 updates
INFO:telethon.client.updates:Got difference for channel 1676369027 updates
INFO:telethon.client.updates:Got difference for channel 2191594970 updates
INFO:telethon.client.updates:Got difference for channel 2035477675 updates
INFO:telethon.client.updates:Got difference for channel 2035477675 updates
INFO:telethon.client.updates:Got difference for channel 2454249021 updates
INFO:telethon.client.updates:Got difference for channel 1676369027 updates
INFO:telethon.client.updates:Got difference for channel 1887600850 updates
INFO:telethon.client.updates:Got difference for channel 1887600850 updates
INFO:telethon.client.updates:Got difference for channel 2066254327 updates
INFO:telethon.client.updates:Got difference for channel 1887600850 updates
INFO:telethon.client.updates:Got difference for channel 2096795818 updates
INFO:telethon.client.updates:Got difference for channel 2096795818 updates
INFO:telethon.client.updates:Got difference for channel 1852019563 updates
INFO:telethon.client.updates:Got difference for channel 1852019563 updates
INFO:telethon.client.updates:Got difference for channel 2442347480 updates
INFO:telethon.client.updates:Got difference for channel 2442347480 updates
ERROR:aiogram.dispatcher:Failed to fetch updates - TelegramConflictError: Telegram server says - Conflict: terminated by other getUpdates request; make sure that only one bot instance is running
WARNING:aiogram.dispatcher:Sleep for 5.059457 seconds and try again... (tryings = 17, bot id = 8814610046)
INFO:telethon.client.updates:Got difference for channel 2465535730 updates
INFO:telethon.client.updates:Got difference for channel 1676369027 updates
INFO:telethon.client.updates:Got difference for channel 2091565855 updates
